<?xml version="1.0" encoding="UTF-8"?>
<testsuites name="jest tests" tests="2" failures="0" time="1.948">
  <testsuite name="undefined" errors="0" failures="0" skipped="0" timestamp="2020-06-08T10:33:50" time="0.801" tests="1">
    <testcase classname=" renders learn react link" name=" renders learn react link" time="0.034">
    </testcase>
  </testsuite>
  <testsuite name="undefined" errors="0" failures="0" skipped="0" timestamp="2020-06-08T10:33:50" time="0.216" tests="1">
    <testcase classname=" renders learn react link" name=" renders learn react link" time="0.051">
    </testcase>
  </testsuite>
</testsuites>